Release 10.1 Map K.31 (lin)
Xilinx Map Application Log File for Design 'nf2_top'

Design Information
------------------
Command Line   : map -intstyle ise -timing -detail -ol high -cm speed
-register_duplication -smartguide smartguide.ncd -ignore_keep_hierarchy -pr b -k
4 -c 100 -tx off nf2_top.ngd 
Target Device  : xc2vp50
Target Package : ff1152
Target Speed   : -7
Mapper Version : virtex2p -- $Revision: 1.46 $
Mapped Date    : Fri Mar  1 11:15:02 2013

Mapping design into LUTs...
Running directed packing...
Constraining slice packing based on guide NCD.
Running delay-based LUT packing...
Running timing-driven packing...

Phase 1.7
Phase 1.7 (Checksum:98967f) REAL time: 3 mins 6 secs 

Phase 2.31
Phase 2.31 (Checksum:1312cfe) REAL time: 3 mins 6 secs 

Phase 3.2
Phase 3.2 (Checksum:1c9c37d) REAL time: 3 mins 16 secs 

Phase 4.30
Phase 4.30 (Checksum:26259fc) REAL time: 3 mins 16 secs 

Phase 5.3
Phase 5.3 (Checksum:2faf07b) REAL time: 3 mins 18 secs 

Phase 6.5
Phase 6.5 (Checksum:39386fa) REAL time: 3 mins 20 secs 

Phase 7.4
.
Phase 7.4 (Checksum:42c1d79) REAL time: 3 mins 32 secs 

Phase 8.28
Phase 8.28 (Checksum:4c4b3f8) REAL time: 3 mins 35 secs 

Phase 9.8
.
.
...............
...............
...............
...............
Phase 9.8 (Checksum:3f28650) REAL time: 8 mins 27 secs 

Phase 10.29
Phase 10.29 (Checksum:5f5e0f6) REAL time: 8 mins 27 secs 

Phase 11.5
Phase 11.5 (Checksum:68e7775) REAL time: 8 mins 30 secs 

Phase 12.18
Phase 12.18 (Checksum:7270df4) REAL time: 10 mins 26 secs 

Phase 13.5
Phase 13.5 (Checksum:7bfa473) REAL time: 10 mins 28 secs 

Phase 14.27
Phase 14.27 (Checksum:8583af2) REAL time: 10 mins 45 secs 

Phase 15.24
Phase 15.24 (Checksum:8f0d171) REAL time: 11 mins 

REAL time consumed by placer: 11 mins 1 secs 
CPU  time consumed by placer: 10 mins 6 secs 
Invoking physical synthesis ...
..........
Physical synthesis completed.
Updating route info ...

Design Summary
--------------

Design Summary:
Number of errors:      0
Number of warnings: 2213
Logic Utilization:
  Number of Slice Flip Flops:        14,049 out of  47,232   29%
  Number of 4 input LUTs:            21,023 out of  47,232   44%
Logic Distribution:
  Number of occupied Slices:         14,294 out of  23,616   60%
    Number of Slices containing only related logic:  14,294 out of  14,294 100%
    Number of Slices containing unrelated logic:          0 out of  14,294   0%
      *See NOTES below for an explanation of the effects of unrelated logic.
  Total Number of 4 input LUTs:      22,032 out of  47,232   46%
    Number used as logic:            18,083
    Number used as a route-thru:      1,009
    Number used for Dual Port RAMs:   1,820
      (Two LUTs used per Dual Port RAM)
    Number used for 32x1 RAMs:          384
      (Two LUTs used per 32x1 RAM)
    Number used as 16x1 RAMs:           160
    Number used as Shift registers:     576
  Number of bonded IOBs:                356 out of     692   51%
    IOB Flip Flops:                     651
  Number of RAMB16s:                    106 out of     232   45%
  Number of BUFGMUXs:                     8 out of      16   50%
  Number of DCMs:                         6 out of       8   75%

Peak Memory Usage:  888 MB
Total REAL time to MAP completion:  17 mins 31 secs 
Total CPU time to MAP completion:   16 mins 6 secs 

Mapping completed.
See MAP report file "nf2_top.mrp" for details.
